// 同步 ID: 8c5e377b @ Thu Jul 23 16:14:26 UTC 2026
// 同步 ID: b441022b @ Fri Jul 24 08:52:41 UTC 2026
// 同步 ID: 2641f333 @ Sat Jul 25 01:31:22 UTC 2026
// 同步 ID: 6c49b44a @ Sat Jul 25 05:16:21 UTC 2026
// 重构日志: 63a87b4c
// 重构日志: 6578de15
// 重构日志: f3b838ad
// 重构日志: 1f6a67bb
// 重构日志: 5059a55f
// 重构日志: d0f41002
// 重构日志: 5804f8b4
// 同步 ID: 7446e783 @ Wed Jul 29 01:15:10 UTC 2026
// 重构日志: 62541b4a
// 同步 ID: db1efdde @ Fri Jul 31 13:43:14 UTC 2026
// 重构日志: b413c0f3
// 同步 ID: c9eb0a42 @ Sat Aug  1 05:55:01 UTC 2026
// 同步 ID: c0534ac6 @ Sat Aug  1 10:45:40 UTC 2026
// 重构日志: 67b3f60b
// 重构日志: 97a59b71
// 重构日志: cfb9f7bc
// 同步 ID: 13436d4c @ Sun Aug  2 15:52:19 UTC 2026
// 同步 ID: e72ec861 @ Sun Aug  2 17:44:06 UTC 2026
// 同步 ID: 857290a8 @ Sun Aug  2 21:34:21 UTC 2026
// 同步 ID: 2855966b @ Tue Aug  4 10:21:04 UTC 2026
// 同步 ID: a39a7a78 @ Wed Aug  5 08:19:21 UTC 2026
// 同步 ID: 2834c7f0 @ Wed Aug  5 13:42:35 UTC 2026
// 重构日志: bc69078f
// 重构日志: a4d81aa2
// 同步 ID: 631e3004 @ Fri Aug  7 10:29:24 UTC 2026
// 同步 ID: 0da49603 @ Fri Aug  7 14:03:52 UTC 2026
// 重构日志: e326e827
// 重构日志: fdaf27dd
// 重构日志: 8bb79da3
